 Container brainnet-validation-soak-spring-1 Stopping
 Container brainnet-validation-provider-1 Stopping
 Container brainnet-validation-soak-fastapi-1 Stopping
 Container brainnet-validation-tools-1 Stopping
 Container brainnet-validation-provider-1 Stopped
 Container brainnet-validation-provider-1 Removing
 Container brainnet-validation-provider-1 Removed
 Container brainnet-validation-soak-spring-1 Stopped
 Container brainnet-validation-soak-spring-1 Removing
 Container brainnet-validation-soak-spring-1 Removed
 Container brainnet-validation-soak-fastapi-1 Stopped
 Container brainnet-validation-soak-fastapi-1 Removing
 Container brainnet-validation-soak-fastapi-1 Removed
 Container brainnet-validation-db-1 Stopping
 Container brainnet-validation-db-1 Stopped
 Container brainnet-validation-db-1 Removing
 Container brainnet-validation-db-1 Removed
 Container brainnet-validation-tools-1 Stopped
 Container brainnet-validation-tools-1 Removing
 Container brainnet-validation-tools-1 Removed
 Network brainnet-validation_default Removing
 Volume brainnet-validation_validation-db Removing
 Volume brainnet-validation_validation-db Removed
 Network brainnet-validation_default Removed
