provider-1  | INFO:     Started server process [1]
db-1        | The files belonging to this database system will be owned by user "postgres".
db-1        | This user must also own the server process.
db-1        |
provider-1  | INFO:     Waiting for application startup.
db-1        | The database cluster will be initialized with locale "en_US.utf8".
db-1        | The default database encoding has accordingly been set to "UTF8".
provider-1  | INFO:     Application startup complete.
provider-1  | INFO:     Uvicorn running on http://0.0.0.0:8090 (Press CTRL+C to quit)
db-1        | The default text search configuration will be set to "english".
db-1        |
db-1        | Data page checksums are disabled.
db-1        |
db-1        | fixing permissions on existing directory /var/lib/postgresql/data ... ok
db-1        | creating subdirectories ... ok
db-1        | selecting dynamic shared memory implementation ... posix
db-1        | selecting default max_connections ... 100
db-1        | selecting default shared_buffers ... 128MB
db-1        | selecting default time zone ... UTC
db-1        | creating configuration files ... ok
db-1        | running bootstrap script ... ok
db-1        | sh: locale: not found
db-1        | 2026-09-12 10:36:44.483 UTC [42] WARNING:  no usable system locales were found
db-1        | performing post-bootstrap initialization ... ok
db-1        | initdb: warning: enabling "trust" authentication for local connections
db-1        | initdb: hint: You can change this by editing pg_hba.conf or using the option -A, or --auth-local and --auth-host, the next time you run initdb.
db-1        | syncing data to disk ... ok
db-1        |
db-1        |
db-1        | Success. You can now start the database server using:
db-1        |
db-1        |     pg_ctl -D /var/lib/postgresql/data -l logfile start
db-1        |
db-1        | waiting for server to start....2026-09-12 10:36:40.295 UTC [48] LOG:  starting PostgreSQL 15.19 on x86_64-pc-linux-musl, compiled by gcc (Alpine 15.2.0) 15.2.0, 64-bit
db-1        | 2026-09-12 10:36:40.300 UTC [48] LOG:  listening on Unix socket "/var/run/postgresql/.s.PGSQL.5432"
db-1        | 2026-09-12 10:36:40.313 UTC [51] LOG:  database system was shut down at 2026-09-12 10:36:39 UTC
db-1        | 2026-09-12 10:36:40.322 UTC [48] LOG:  database system is ready to accept connections
db-1        |  done
db-1        | server started
db-1        | CREATE DATABASE
db-1        |
db-1        |
db-1        | /usr/local/bin/docker-entrypoint.sh: ignoring /docker-entrypoint-initdb.d/*
db-1        |
db-1        | waiting for server to shut down....2026-09-12 10:36:40.443 UTC [48] LOG:  received fast shutdown request
db-1        | 2026-09-12 10:36:40.448 UTC [48] LOG:  aborting any active transactions
db-1        | 2026-09-12 10:36:40.450 UTC [48] LOG:  background worker "logical replication launcher" (PID 54) exited with exit code 1
db-1        | 2026-09-12 10:36:40.451 UTC [49] LOG:  shutting down
db-1        | 2026-09-12 10:36:40.458 UTC [49] LOG:  checkpoint starting: shutdown immediate
db-1        | 2026-09-12 10:36:40.468 UTC [67] FATAL:  the database system is shutting down
db-1        | 2026-09-12 10:36:40.725 UTC [49] LOG:  checkpoint complete: wrote 922 buffers (5.6%); 0 WAL file(s) added, 0 removed, 0 recycled; write=0.020 s, sync=0.222 s, total=0.275 s; sync files=301, longest=0.005 s, average=0.001 s; distance=4249 kB, estimate=4249 kB
db-1        | 2026-09-12 10:36:40.734 UTC [48] LOG:  database system is shut down
db-1        |  done
db-1        | server stopped
db-1        |
db-1        | PostgreSQL init process complete; ready for start up.
db-1        |
db-1        | 2026-09-12 10:36:40.770 UTC [1] LOG:  starting PostgreSQL 15.19 on x86_64-pc-linux-musl, compiled by gcc (Alpine 15.2.0) 15.2.0, 64-bit
db-1        | 2026-09-12 10:36:40.770 UTC [1] LOG:  listening on IPv4 address "0.0.0.0", port 5432
db-1        | 2026-09-12 10:36:40.770 UTC [1] LOG:  listening on IPv6 address "::", port 5432
db-1        | 2026-09-12 10:36:40.778 UTC [1] LOG:  listening on Unix socket "/var/run/postgresql/.s.PGSQL.5432"
db-1        | 2026-09-12 10:36:40.788 UTC [71] LOG:  database system was shut down at 2026-09-12 10:36:40 UTC
db-1        | 2026-09-12 10:36:40.796 UTC [1] LOG:  database system is ready to accept connections
